[     364ms] [VERBOSE] [DOM] Input elements should have autocomplete attributes (suggested: "current-password"): (More info: https://goo.gl/9p2vKq) %o @ http://localhost:3000/signin:0
[     588ms] [INFO] %cDownload the React DevTools for a better development experience: https://react.dev/link/react-devtools font-weight:bold @ http://localhost:3000/_next/static/chunks/node_modules_next_dist_1e8vcs8._.js:776
[     728ms] [LOG] [HMR] connected @ http://localhost:3000/_next/static/chunks/node_modules_next_dist_1e8vcs8._.js:776
[   15210ms] [VERBOSE] [DOM] Input elements should have autocomplete attributes (suggested: "current-password"): (More info: https://goo.gl/9p2vKq) %o @ http://localhost:3000/signup:0
[ 1930524ms] [ERROR] Failed to load resource: net::ERR_CONNECTION_RESET @ http://localhost:3000/vendors:0
[ 1930533ms] [ERROR] Failed to refresh wedding data TypeError: Failed to fetch
    at fetchInternal (http://localhost:3000/_next/static/chunks/node_modules_next_dist_client_0_90u2t._.js:10831:12)
    at fetchServerAction (http://localhost:3000/_next/static/chunks/node_modules_next_dist_client_0_90u2t._.js:7042:38) @ http://localhost:3000/_next/static/chunks/node_modules_next_dist_1e8vcs8._.js:1052
[ 1930565ms] [ERROR] WebSocket is already in CLOSING or CLOSED state. @ http://localhost:3000/_next/static/chunks/node_modules_next_dist_1e8vcs8._.js:1559
[ 1930566ms] [ERROR] Failed to load resource: net::ERR_CONNECTION_REFUSED @ http://localhost:3000/vendors:0
[ 1930566ms] [ERROR] Failed to refresh wedding data TypeError: Failed to fetch
    at fetchInternal (http://localhost:3000/_next/static/chunks/node_modules_next_dist_client_0_90u2t._.js:10831:12)
    at fetchServerAction (http://localhost:3000/_next/static/chunks/node_modules_next_dist_client_0_90u2t._.js:7042:38) @ http://localhost:3000/_next/static/chunks/node_modules_next_dist_1e8vcs8._.js:1052
[ 1930576ms] [ERROR] Failed to load resource: net::ERR_CONNECTION_REFUSED @ http://localhost:3000/vendors:0
[ 1930576ms] [ERROR] Failed to refresh wedding data TypeError: Failed to fetch
    at fetchInternal (http://localhost:3000/_next/static/chunks/node_modules_next_dist_client_0_90u2t._.js:10831:12)
    at fetchServerAction (http://localhost:3000/_next/static/chunks/node_modules_next_dist_client_0_90u2t._.js:7042:38) @ http://localhost:3000/_next/static/chunks/node_modules_next_dist_1e8vcs8._.js:1052
[ 1930615ms] [ERROR] Failed to load resource: net::ERR_CONNECTION_REFUSED @ http://localhost:3000/__nextjs_original-stack-frames:0
[ 1930618ms] [ERROR] Failed to load resource: net::ERR_CONNECTION_REFUSED @ http://localhost:3000/vendors:0
[ 1930618ms] [ERROR] Failed to refresh wedding data TypeError: Failed to fetch
    at fetchInternal (http://localhost:3000/_next/static/chunks/node_modules_next_dist_client_0_90u2t._.js:10831:12)
    at fetchServerAction (http://localhost:3000/_next/static/chunks/node_modules_next_dist_client_0_90u2t._.js:7042:38) @ http://localhost:3000/_next/static/chunks/node_modules_next_dist_1e8vcs8._.js:1052
[ 1930619ms] [ERROR] WebSocket is already in CLOSING or CLOSED state. @ http://localhost:3000/_next/static/chunks/node_modules_next_dist_1e8vcs8._.js:1559
[ 1930755ms] [ERROR] Failed to load resource: net::ERR_CONNECTION_REFUSED @ http://localhost:3000/vendors:0
[ 1930755ms] [ERROR] Failed to refresh wedding data TypeError: Failed to fetch
    at fetchInternal (http://localhost:3000/_next/static/chunks/node_modules_next_dist_client_0_90u2t._.js:10831:12)
    at fetchServerAction (http://localhost:3000/_next/static/chunks/node_modules_next_dist_client_0_90u2t._.js:7042:38) @ http://localhost:3000/_next/static/chunks/node_modules_next_dist_1e8vcs8._.js:1052
[ 1930762ms] [ERROR] WebSocket is already in CLOSING or CLOSED state. @ http://localhost:3000/_next/static/chunks/node_modules_next_dist_1e8vcs8._.js:1559
[ 1930803ms] [ERROR] Failed to load resource: net::ERR_CONNECTION_REFUSED @ http://localhost:3000/vendors:0
[ 1930803ms] [ERROR] Failed to refresh wedding data TypeError: Failed to fetch
    at fetchInternal (http://localhost:3000/_next/static/chunks/node_modules_next_dist_client_0_90u2t._.js:10831:12)
    at fetchServerAction (http://localhost:3000/_next/static/chunks/node_modules_next_dist_client_0_90u2t._.js:7042:38) @ http://localhost:3000/_next/static/chunks/node_modules_next_dist_1e8vcs8._.js:1052
[ 1930812ms] [ERROR] WebSocket is already in CLOSING or CLOSED state. @ http://localhost:3000/_next/static/chunks/node_modules_next_dist_1e8vcs8._.js:1559
[ 1930856ms] [ERROR] Failed to load resource: net::ERR_CONNECTION_REFUSED @ http://localhost:3000/vendors:0
[ 1930856ms] [ERROR] Failed to refresh wedding data TypeError: Failed to fetch
    at fetchInternal (http://localhost:3000/_next/static/chunks/node_modules_next_dist_client_0_90u2t._.js:10831:12)
    at fetchServerAction (http://localhost:3000/_next/static/chunks/node_modules_next_dist_client_0_90u2t._.js:7042:38) @ http://localhost:3000/_next/static/chunks/node_modules_next_dist_1e8vcs8._.js:1052
[ 1930864ms] [ERROR] WebSocket is already in CLOSING or CLOSED state. @ http://localhost:3000/_next/static/chunks/node_modules_next_dist_1e8vcs8._.js:1559
[ 1930865ms] [ERROR] Failed to load resource: net::ERR_CONNECTION_REFUSED @ http://localhost:3000/vendors:0
[ 1930865ms] [ERROR] Failed to refresh wedding data TypeError: Failed to fetch
    at fetchInternal (http://localhost:3000/_next/static/chunks/node_modules_next_dist_client_0_90u2t._.js:10831:12)
    at fetchServerAction (http://localhost:3000/_next/static/chunks/node_modules_next_dist_client_0_90u2t._.js:7042:38) @ http://localhost:3000/_next/static/chunks/node_modules_next_dist_1e8vcs8._.js:1052
[ 1930869ms] [ERROR] Failed to load resource: net::ERR_CONNECTION_REFUSED @ http://localhost:3000/vendors:0
[ 1930869ms] [ERROR] Failed to refresh wedding data TypeError: Failed to fetch
    at fetchInternal (http://localhost:3000/_next/static/chunks/node_modules_next_dist_client_0_90u2t._.js:10831:12)
    at fetchServerAction (http://localhost:3000/_next/static/chunks/node_modules_next_dist_client_0_90u2t._.js:7042:38) @ http://localhost:3000/_next/static/chunks/node_modules_next_dist_1e8vcs8._.js:1052
[ 1930872ms] [ERROR] Failed to load resource: net::ERR_CONNECTION_REFUSED @ http://localhost:3000/vendors:0
[ 1930872ms] [ERROR] Failed to refresh wedding data TypeError: Failed to fetch
    at fetchInternal (http://localhost:3000/_next/static/chunks/node_modules_next_dist_client_0_90u2t._.js:10831:12)
    at fetchServerAction (http://localhost:3000/_next/static/chunks/node_modules_next_dist_client_0_90u2t._.js:7042:38) @ http://localhost:3000/_next/static/chunks/node_modules_next_dist_1e8vcs8._.js:1052
[ 1930875ms] [ERROR] Failed to load resource: net::ERR_CONNECTION_REFUSED @ http://localhost:3000/vendors:0
[ 1930875ms] [ERROR] Failed to refresh wedding data TypeError: Failed to fetch
    at fetchInternal (http://localhost:3000/_next/static/chunks/node_modules_next_dist_client_0_90u2t._.js:10831:12)
    at fetchServerAction (http://localhost:3000/_next/static/chunks/node_modules_next_dist_client_0_90u2t._.js:7042:38) @ http://localhost:3000/_next/static/chunks/node_modules_next_dist_1e8vcs8._.js:1052
[ 1930880ms] [ERROR] WebSocket is already in CLOSING or CLOSED state. @ http://localhost:3000/_next/static/chunks/node_modules_next_dist_1e8vcs8._.js:1559
[ 1930881ms] [ERROR] Failed to load resource: net::ERR_CONNECTION_REFUSED @ http://localhost:3000/vendors:0
[ 1930882ms] [ERROR] Failed to refresh wedding data TypeError: Failed to fetch
    at fetchInternal (http://localhost:3000/_next/static/chunks/node_modules_next_dist_client_0_90u2t._.js:10831:12)
    at fetchServerAction (http://localhost:3000/_next/static/chunks/node_modules_next_dist_client_0_90u2t._.js:7042:38) @ http://localhost:3000/_next/static/chunks/node_modules_next_dist_1e8vcs8._.js:1052
[ 1930884ms] [ERROR] Failed to load resource: net::ERR_CONNECTION_REFUSED @ http://localhost:3000/vendors:0
[ 1930884ms] [ERROR] Failed to refresh wedding data TypeError: Failed to fetch
    at fetchInternal (http://localhost:3000/_next/static/chunks/node_modules_next_dist_client_0_90u2t._.js:10831:12)
    at fetchServerAction (http://localhost:3000/_next/static/chunks/node_modules_next_dist_client_0_90u2t._.js:7042:38) @ http://localhost:3000/_next/static/chunks/node_modules_next_dist_1e8vcs8._.js:1052
[ 1930886ms] [ERROR] Failed to load resource: net::ERR_CONNECTION_REFUSED @ http://localhost:3000/vendors:0
[ 1930887ms] [ERROR] Failed to refresh wedding data TypeError: Failed to fetch
    at fetchInternal (http://localhost:3000/_next/static/chunks/node_modules_next_dist_client_0_90u2t._.js:10831:12)
    at fetchServerAction (http://localhost:3000/_next/static/chunks/node_modules_next_dist_client_0_90u2t._.js:7042:38) @ http://localhost:3000/_next/static/chunks/node_modules_next_dist_1e8vcs8._.js:1052
[ 1930889ms] [ERROR] Failed to load resource: net::ERR_CONNECTION_REFUSED @ http://localhost:3000/vendors:0
[ 1930889ms] [ERROR] Failed to refresh wedding data TypeError: Failed to fetch
    at fetchInternal (http://localhost:3000/_next/static/chunks/node_modules_next_dist_client_0_90u2t._.js:10831:12)
    at fetchServerAction (http://localhost:3000/_next/static/chunks/node_modules_next_dist_client_0_90u2t._.js:7042:38) @ http://localhost:3000/_next/static/chunks/node_modules_next_dist_1e8vcs8._.js:1052
[ 1930892ms] [ERROR] Failed to load resource: net::ERR_CONNECTION_REFUSED @ http://localhost:3000/vendors:0
[ 1930892ms] [ERROR] Failed to refresh wedding data TypeError: Failed to fetch
    at fetchInternal (http://localhost:3000/_next/static/chunks/node_modules_next_dist_client_0_90u2t._.js:10831:12)
    at fetchServerAction (http://localhost:3000/_next/static/chunks/node_modules_next_dist_client_0_90u2t._.js:7042:38) @ http://localhost:3000/_next/static/chunks/node_modules_next_dist_1e8vcs8._.js:1052
[ 1930897ms] [ERROR] WebSocket is already in CLOSING or CLOSED state. @ http://localhost:3000/_next/static/chunks/node_modules_next_dist_1e8vcs8._.js:1559
[ 1930898ms] [ERROR] Failed to load resource: net::ERR_CONNECTION_REFUSED @ http://localhost:3000/vendors:0
[ 1930898ms] [ERROR] Failed to refresh wedding data TypeError: Failed to fetch
    at fetchInternal (http://localhost:3000/_next/static/chunks/node_modules_next_dist_client_0_90u2t._.js:10831:12)
    at fetchServerAction (http://localhost:3000/_next/static/chunks/node_modules_next_dist_client_0_90u2t._.js:7042:38) @ http://localhost:3000/_next/static/chunks/node_modules_next_dist_1e8vcs8._.js:1052
[ 1930900ms] [ERROR] Failed to load resource: net::ERR_CONNECTION_REFUSED @ http://localhost:3000/vendors:0
[ 1930900ms] [ERROR] Failed to refresh wedding data TypeError: Failed to fetch
    at fetchInternal (http://localhost:3000/_next/static/chunks/node_modules_next_dist_client_0_90u2t._.js:10831:12)
    at fetchServerAction (http://localhost:3000/_next/static/chunks/node_modules_next_dist_client_0_90u2t._.js:7042:38) @ http://localhost:3000/_next/static/chunks/node_modules_next_dist_1e8vcs8._.js:1052
[ 1930903ms] [ERROR] Failed to load resource: net::ERR_CONNECTION_REFUSED @ http://localhost:3000/vendors:0
[ 1930903ms] [ERROR] Failed to refresh wedding data TypeError: Failed to fetch
    at fetchInternal (http://localhost:3000/_next/static/chunks/node_modules_next_dist_client_0_90u2t._.js:10831:12)
    at fetchServerAction (http://localhost:3000/_next/static/chunks/node_modules_next_dist_client_0_90u2t._.js:7042:38) @ http://localhost:3000/_next/static/chunks/node_modules_next_dist_1e8vcs8._.js:1052
[ 1930905ms] [ERROR] Failed to load resource: net::ERR_CONNECTION_REFUSED @ http://localhost:3000/vendors:0
[ 1930905ms] [ERROR] Failed to refresh wedding data TypeError: Failed to fetch
    at fetchInternal (http://localhost:3000/_next/static/chunks/node_modules_next_dist_client_0_90u2t._.js:10831:12)
    at fetchServerAction (http://localhost:3000/_next/static/chunks/node_modules_next_dist_client_0_90u2t._.js:7042:38) @ http://localhost:3000/_next/static/chunks/node_modules_next_dist_1e8vcs8._.js:1052
[ 1930908ms] [ERROR] Failed to load resource: net::ERR_CONNECTION_REFUSED @ http://localhost:3000/vendors:0
[ 1930908ms] [ERROR] Failed to refresh wedding data TypeError: Failed to fetch
    at fetchInternal (http://localhost:3000/_next/static/chunks/node_modules_next_dist_client_0_90u2t._.js:10831:12)
    at fetchServerAction (http://localhost:3000/_next/static/chunks/node_modules_next_dist_client_0_90u2t._.js:7042:38) @ http://localhost:3000/_next/static/chunks/node_modules_next_dist_1e8vcs8._.js:1052
[ 1930910ms] [ERROR] Failed to load resource: net::ERR_CONNECTION_REFUSED @ http://localhost:3000/vendors:0
[ 1930911ms] [ERROR] Failed to refresh wedding data TypeError: Failed to fetch
    at fetchInternal (http://localhost:3000/_next/static/chunks/node_modules_next_dist_client_0_90u2t._.js:10831:12)
    at fetchServerAction (http://localhost:3000/_next/static/chunks/node_modules_next_dist_client_0_90u2t._.js:7042:38) @ http://localhost:3000/_next/static/chunks/node_modules_next_dist_1e8vcs8._.js:1052
[ 1930914ms] [ERROR] WebSocket is already in CLOSING or CLOSED state. @ http://localhost:3000/_next/static/chunks/node_modules_next_dist_1e8vcs8._.js:1559
[ 1930915ms] [ERROR] Failed to load resource: net::ERR_CONNECTION_REFUSED @ http://localhost:3000/vendors:0
[ 1930915ms] [ERROR] Failed to refresh wedding data TypeError: Failed to fetch
    at fetchInternal (http://localhost:3000/_next/static/chunks/node_modules_next_dist_client_0_90u2t._.js:10831:12)
    at fetchServerAction (http://localhost:3000/_next/static/chunks/node_modules_next_dist_client_0_90u2t._.js:7042:38) @ http://localhost:3000/_next/static/chunks/node_modules_next_dist_1e8vcs8._.js:1052
[ 1930917ms] [ERROR] Failed to load resource: net::ERR_CONNECTION_REFUSED @ http://localhost:3000/vendors:0
[ 1930918ms] [ERROR] Failed to refresh wedding data TypeError: Failed to fetch
    at fetchInternal (http://localhost:3000/_next/static/chunks/node_modules_next_dist_client_0_90u2t._.js:10831:12)
    at fetchServerAction (http://localhost:3000/_next/static/chunks/node_modules_next_dist_client_0_90u2t._.js:7042:38) @ http://localhost:3000/_next/static/chunks/node_modules_next_dist_1e8vcs8._.js:1052
[ 1930920ms] [ERROR] Failed to load resource: net::ERR_CONNECTION_REFUSED @ http://localhost:3000/vendors:0
[ 1930920ms] [ERROR] Failed to refresh wedding data TypeError: Failed to fetch
    at fetchInternal (http://localhost:3000/_next/static/chunks/node_modules_next_dist_client_0_90u2t._.js:10831:12)
    at fetchServerAction (http://localhost:3000/_next/static/chunks/node_modules_next_dist_client_0_90u2t._.js:7042:38) @ http://localhost:3000/_next/static/chunks/node_modules_next_dist_1e8vcs8._.js:1052
[ 1930922ms] [ERROR] Failed to load resource: net::ERR_CONNECTION_REFUSED @ http://localhost:3000/vendors:0
[ 1930922ms] [ERROR] Failed to refresh wedding data TypeError: Failed to fetch
    at fetchInternal (http://localhost:3000/_next/static/chunks/node_modules_next_dist_client_0_90u2t._.js:10831:12)
    at fetchServerAction (http://localhost:3000/_next/static/chunks/node_modules_next_dist_client_0_90u2t._.js:7042:38) @ http://localhost:3000/_next/static/chunks/node_modules_next_dist_1e8vcs8._.js:1052
[ 1930924ms] [ERROR] Failed to load resource: net::ERR_CONNECTION_REFUSED @ http://localhost:3000/vendors:0
[ 1930925ms] [ERROR] Failed to refresh wedding data TypeError: Failed to fetch
    at fetchInternal (http://localhost:3000/_next/static/chunks/node_modules_next_dist_client_0_90u2t._.js:10831:12)
    at fetchServerAction (http://localhost:3000/_next/static/chunks/node_modules_next_dist_client_0_90u2t._.js:7042:38) @ http://localhost:3000/_next/static/chunks/node_modules_next_dist_1e8vcs8._.js:1052
[ 1930928ms] [ERROR] Failed to load resource: net::ERR_CONNECTION_REFUSED @ http://localhost:3000/vendors:0
[ 1930928ms] [ERROR] Failed to refresh wedding data TypeError: Failed to fetch
    at fetchInternal (http://localhost:3000/_next/static/chunks/node_modules_next_dist_client_0_90u2t._.js:10831:12)
    at fetchServerAction (http://localhost:3000/_next/static/chunks/node_modules_next_dist_client_0_90u2t._.js:7042:38) @ http://localhost:3000/_next/static/chunks/node_modules_next_dist_1e8vcs8._.js:1052
[ 1930932ms] [ERROR] WebSocket is already in CLOSING or CLOSED state. @ http://localhost:3000/_next/static/chunks/node_modules_next_dist_1e8vcs8._.js:1559
[ 1930932ms] [ERROR] Failed to load resource: net::ERR_CONNECTION_REFUSED @ http://localhost:3000/vendors:0
[ 1930933ms] [ERROR] Failed to refresh wedding data TypeError: Failed to fetch
    at fetchInternal (http://localhost:3000/_next/static/chunks/node_modules_next_dist_client_0_90u2t._.js:10831:12)
    at fetchServerAction (http://localhost:3000/_next/static/chunks/node_modules_next_dist_client_0_90u2t._.js:7042:38) @ http://localhost:3000/_next/static/chunks/node_modules_next_dist_1e8vcs8._.js:1052
[ 1930935ms] [ERROR] Failed to load resource: net::ERR_CONNECTION_REFUSED @ http://localhost:3000/vendors:0
[ 1930935ms] [ERROR] Failed to refresh wedding data TypeError: Failed to fetch
    at fetchInternal (http://localhost:3000/_next/static/chunks/node_modules_next_dist_client_0_90u2t._.js:10831:12)
    at fetchServerAction (http://localhost:3000/_next/static/chunks/node_modules_next_dist_client_0_90u2t._.js:7042:38) @ http://localhost:3000/_next/static/chunks/node_modules_next_dist_1e8vcs8._.js:1052
[ 1930937ms] [ERROR] Failed to load resource: net::ERR_CONNECTION_REFUSED @ http://localhost:3000/vendors:0
[ 1930938ms] [ERROR] Failed to refresh wedding data TypeError: Failed to fetch
    at fetchInternal (http://localhost:3000/_next/static/chunks/node_modules_next_dist_client_0_90u2t._.js:10831:12)
    at fetchServerAction (http://localhost:3000/_next/static/chunks/node_modules_next_dist_client_0_90u2t._.js:7042:38) @ http://localhost:3000/_next/static/chunks/node_modules_next_dist_1e8vcs8._.js:1052
[ 1930940ms] [ERROR] Failed to load resource: net::ERR_CONNECTION_REFUSED @ http://localhost:3000/vendors:0
[ 1930940ms] [ERROR] Failed to refresh wedding data TypeError: Failed to fetch
    at fetchInternal (http://localhost:3000/_next/static/chunks/node_modules_next_dist_client_0_90u2t._.js:10831:12)
    at fetchServerAction (http://localhost:3000/_next/static/chunks/node_modules_next_dist_client_0_90u2t._.js:7042:38) @ http://localhost:3000/_next/static/chunks/node_modules_next_dist_1e8vcs8._.js:1052
[ 1930943ms] [ERROR] Failed to load resource: net::ERR_CONNECTION_REFUSED @ http://localhost:3000/vendors:0
[ 1930943ms] [ERROR] Failed to refresh wedding data TypeError: Failed to fetch
    at fetchInternal (http://localhost:3000/_next/static/chunks/node_modules_next_dist_client_0_90u2t._.js:10831:12)
    at fetchServerAction (http://localhost:3000/_next/static/chunks/node_modules_next_dist_client_0_90u2t._.js:7042:38) @ http://localhost:3000/_next/static/chunks/node_modules_next_dist_1e8vcs8._.js:1052
[ 1930946ms] [ERROR] WebSocket is already in CLOSING or CLOSED state. @ http://localhost:3000/_next/static/chunks/node_modules_next_dist_1e8vcs8._.js:1559
[ 1930949ms] [ERROR] Failed to load resource: net::ERR_CONNECTION_REFUSED @ http://localhost:3000/vendors:0
[ 1930949ms] [ERROR] Failed to refresh wedding data TypeError: Failed to fetch
    at fetchInternal (http://localhost:3000/_next/static/chunks/node_modules_next_dist_client_0_90u2t._.js:10831:12)
    at fetchServerAction (http://localhost:3000/_next/static/chunks/node_modules_next_dist_client_0_90u2t._.js:7042:38) @ http://localhost:3000/_next/static/chunks/node_modules_next_dist_1e8vcs8._.js:1052
[ 1930951ms] [ERROR] Failed to load resource: net::ERR_CONNECTION_REFUSED @ http://localhost:3000/vendors:0
[ 1930951ms] [ERROR] Failed to refresh wedding data TypeError: Failed to fetch
    at fetchInternal (http://localhost:3000/_next/static/chunks/node_modules_next_dist_client_0_90u2t._.js:10831:12)
    at fetchServerAction (http://localhost:3000/_next/static/chunks/node_modules_next_dist_client_0_90u2t._.js:7042:38) @ http://localhost:3000/_next/static/chunks/node_modules_next_dist_1e8vcs8._.js:1052
[ 1930954ms] [ERROR] Failed to load resource: net::ERR_CONNECTION_REFUSED @ http://localhost:3000/vendors:0
[ 1930954ms] [ERROR] Failed to refresh wedding data TypeError: Failed to fetch
    at fetchInternal (http://localhost:3000/_next/static/chunks/node_modules_next_dist_client_0_90u2t._.js:10831:12)
    at fetchServerAction (http://localhost:3000/_next/static/chunks/node_modules_next_dist_client_0_90u2t._.js:7042:38) @ http://localhost:3000/_next/static/chunks/node_modules_next_dist_1e8vcs8._.js:1052
[ 1930956ms] [ERROR] Failed to load resource: net::ERR_CONNECTION_REFUSED @ http://localhost:3000/vendors:0
[ 1930956ms] [ERROR] Failed to refresh wedding data TypeError: Failed to fetch
    at fetchInternal (http://localhost:3000/_next/static/chunks/node_modules_next_dist_client_0_90u2t._.js:10831:12)
    at fetchServerAction (http://localhost:3000/_next/static/chunks/node_modules_next_dist_client_0_90u2t._.js:7042:38) @ http://localhost:3000/_next/static/chunks/node_modules_next_dist_1e8vcs8._.js:1052
[ 1930958ms] [ERROR] Failed to load resource: net::ERR_CONNECTION_REFUSED @ http://localhost:3000/vendors:0
[ 1930959ms] [ERROR] Failed to refresh wedding data TypeError: Failed to fetch
    at fetchInternal (http://localhost:3000/_next/static/chunks/node_modules_next_dist_client_0_90u2t._.js:10831:12)
    at fetchServerAction (http://localhost:3000/_next/static/chunks/node_modules_next_dist_client_0_90u2t._.js:7042:38) @ http://localhost:3000/_next/static/chunks/node_modules_next_dist_1e8vcs8._.js:1052
[ 1930961ms] [ERROR] WebSocket is already in CLOSING or CLOSED state. @ http://localhost:3000/_next/static/chunks/node_modules_next_dist_1e8vcs8._.js:1559
[ 1930964ms] [ERROR] Failed to load resource: net::ERR_CONNECTION_REFUSED @ http://localhost:3000/vendors:0
[ 1930965ms] [ERROR] Failed to refresh wedding data TypeError: Failed to fetch
    at fetchInternal (http://localhost:3000/_next/static/chunks/node_modules_next_dist_client_0_90u2t._.js:10831:12)
    at fetchServerAction (http://localhost:3000/_next/static/chunks/node_modules_next_dist_client_0_90u2t._.js:7042:38) @ http://localhost:3000/_next/static/chunks/node_modules_next_dist_1e8vcs8._.js:1052
[ 1930967ms] [ERROR] Failed to load resource: net::ERR_CONNECTION_REFUSED @ http://localhost:3000/vendors:0
[ 1930967ms] [ERROR] Failed to refresh wedding data TypeError: Failed to fetch
    at fetchInternal (http://localhost:3000/_next/static/chunks/node_modules_next_dist_client_0_90u2t._.js:10831:12)
    at fetchServerAction (http://localhost:3000/_next/static/chunks/node_modules_next_dist_client_0_90u2t._.js:7042:38) @ http://localhost:3000/_next/static/chunks/node_modules_next_dist_1e8vcs8._.js:1052
[ 1930971ms] [ERROR] Failed to load resource: net::ERR_CONNECTION_REFUSED @ http://localhost:3000/vendors:0
[ 1930971ms] [ERROR] Failed to refresh wedding data TypeError: Failed to fetch
    at fetchInternal (http://localhost:3000/_next/static/chunks/node_modules_next_dist_client_0_90u2t._.js:10831:12)
    at fetchServerAction (http://localhost:3000/_next/static/chunks/node_modules_next_dist_client_0_90u2t._.js:7042:38) @ http://localhost:3000/_next/static/chunks/node_modules_next_dist_1e8vcs8._.js:1052
[ 1930975ms] [ERROR] Failed to load resource: net::ERR_CONNECTION_REFUSED @ http://localhost:3000/vendors:0
[ 1930975ms] [ERROR] Failed to refresh wedding data TypeError: Failed to fetch
    at fetchInternal (http://localhost:3000/_next/static/chunks/node_modules_next_dist_client_0_90u2t._.js:10831:12)
    at fetchServerAction (http://localhost:3000/_next/static/chunks/node_modules_next_dist_client_0_90u2t._.js:7042:38) @ http://localhost:3000/_next/static/chunks/node_modules_next_dist_1e8vcs8._.js:1052
[ 1930978ms] [ERROR] WebSocket is already in CLOSING or CLOSED state. @ http://localhost:3000/_next/static/chunks/node_modules_next_dist_1e8vcs8._.js:1559
[ 1930981ms] [ERROR] Failed to load resource: net::ERR_CONNECTION_REFUSED @ http://localhost:3000/vendors:0
[ 1930981ms] [ERROR] Failed to refresh wedding data TypeError: Failed to fetch
    at fetchInternal (http://localhost:3000/_next/static/chunks/node_modules_next_dist_client_0_90u2t._.js:10831:12)
    at fetchServerAction (http://localhost:3000/_next/static/chunks/node_modules_next_dist_client_0_90u2t._.js:7042:38) @ http://localhost:3000/_next/static/chunks/node_modules_next_dist_1e8vcs8._.js:1052
[ 1930985ms] [ERROR] Failed to load resource: net::ERR_CONNECTION_REFUSED @ http://localhost:3000/vendors:0
[ 1930985ms] [ERROR] Failed to refresh wedding data TypeError: Failed to fetch
    at fetchInternal (http://localhost:3000/_next/static/chunks/node_modules_next_dist_client_0_90u2t._.js:10831:12)
    at fetchServerAction (http://localhost:3000/_next/static/chunks/node_modules_next_dist_client_0_90u2t._.js:7042:38) @ http://localhost:3000/_next/static/chunks/node_modules_next_dist_1e8vcs8._.js:1052
[ 1930987ms] [ERROR] Failed to load resource: net::ERR_CONNECTION_REFUSED @ http://localhost:3000/vendors:0
[ 1930988ms] [ERROR] Failed to refresh wedding data TypeError: Failed to fetch
    at fetchInternal (http://localhost:3000/_next/static/chunks/node_modules_next_dist_client_0_90u2t._.js:10831:12)
    at fetchServerAction (http://localhost:3000/_next/static/chunks/node_modules_next_dist_client_0_90u2t._.js:7042:38) @ http://localhost:3000/_next/static/chunks/node_modules_next_dist_1e8vcs8._.js:1052
[ 1930990ms] [ERROR] Failed to load resource: net::ERR_CONNECTION_REFUSED @ http://localhost:3000/vendors:0
[ 1930990ms] [ERROR] Failed to refresh wedding data TypeError: Failed to fetch
    at fetchInternal (http://localhost:3000/_next/static/chunks/node_modules_next_dist_client_0_90u2t._.js:10831:12)
    at fetchServerAction (http://localhost:3000/_next/static/chunks/node_modules_next_dist_client_0_90u2t._.js:7042:38) @ http://localhost:3000/_next/static/chunks/node_modules_next_dist_1e8vcs8._.js:1052
[ 1930994ms] [ERROR] WebSocket is already in CLOSING or CLOSED state. @ http://localhost:3000/_next/static/chunks/node_modules_next_dist_1e8vcs8._.js:1559
[ 1930998ms] [ERROR] Failed to load resource: net::ERR_CONNECTION_REFUSED @ http://localhost:3000/vendors:0
[ 1930998ms] [ERROR] Failed to refresh wedding data TypeError: Failed to fetch
    at fetchInternal (http://localhost:3000/_next/static/chunks/node_modules_next_dist_client_0_90u2t._.js:10831:12)
    at fetchServerAction (http://localhost:3000/_next/static/chunks/node_modules_next_dist_client_0_90u2t._.js:7042:38) @ http://localhost:3000/_next/static/chunks/node_modules_next_dist_1e8vcs8._.js:1052
[ 1931002ms] [ERROR] Failed to load resource: net::ERR_CONNECTION_REFUSED @ http://localhost:3000/vendors:0
[ 1931002ms] [ERROR] Failed to refresh wedding data TypeError: Failed to fetch
    at fetchInternal (http://localhost:3000/_next/static/chunks/node_modules_next_dist_client_0_90u2t._.js:10831:12)
    at fetchServerAction (http://localhost:3000/_next/static/chunks/node_modules_next_dist_client_0_90u2t._.js:7042:38) @ http://localhost:3000/_next/static/chunks/node_modules_next_dist_1e8vcs8._.js:1052
[ 1931005ms] [ERROR] Failed to load resource: net::ERR_CONNECTION_REFUSED @ http://localhost:3000/vendors:0
[ 1931005ms] [ERROR] Failed to refresh wedding data TypeError: Failed to fetch
    at fetchInternal (http://localhost:3000/_next/static/chunks/node_modules_next_dist_client_0_90u2t._.js:10831:12)
    at fetchServerAction (http://localhost:3000/_next/static/chunks/node_modules_next_dist_client_0_90u2t._.js:7042:38) @ http://localhost:3000/_next/static/chunks/node_modules_next_dist_1e8vcs8._.js:1052
[ 1931008ms] [ERROR] Failed to load resource: net::ERR_CONNECTION_REFUSED @ http://localhost:3000/vendors:0
[ 1931008ms] [ERROR] Failed to refresh wedding data TypeError: Failed to fetch
    at fetchInternal (http://localhost:3000/_next/static/chunks/node_modules_next_dist_client_0_90u2t._.js:10831:12)
    at fetchServerAction (http://localhost:3000/_next/static/chunks/node_modules_next_dist_client_0_90u2t._.js:7042:38) @ http://localhost:3000/_next/static/chunks/node_modules_next_dist_1e8vcs8._.js:1052
[ 1931010ms] [ERROR] Failed to load resource: net::ERR_CONNECTION_REFUSED @ http://localhost:3000/vendors:0
[ 1931010ms] [ERROR] Failed to refresh wedding data TypeError: Failed to fetch
    at fetchInternal (http://localhost:3000/_next/static/chunks/node_modules_next_dist_client_0_90u2t._.js:10831:12)
    at fetchServerAction (http://localhost:3000/_next/static/chunks/node_modules_next_dist_client_0_90u2t._.js:7042:38) @ http://localhost:3000/_next/static/chunks/node_modules_next_dist_1e8vcs8._.js:1052
[ 1931013ms] [ERROR] WebSocket is already in CLOSING or CLOSED state. @ http://localhost:3000/_next/static/chunks/node_modules_next_dist_1e8vcs8._.js:1559
[ 1931015ms] [ERROR] Failed to load resource: net::ERR_CONNECTION_REFUSED @ http://localhost:3000/vendors:0
[ 1931015ms] [ERROR] Failed to refresh wedding data TypeError: Failed to fetch
    at fetchInternal (http://localhost:3000/_next/static/chunks/node_modules_next_dist_client_0_90u2t._.js:10831:12)
    at fetchServerAction (http://localhost:3000/_next/static/chunks/node_modules_next_dist_client_0_90u2t._.js:7042:38) @ http://localhost:3000/_next/static/chunks/node_modules_next_dist_1e8vcs8._.js:1052
[ 1931018ms] [ERROR] Failed to load resource: net::ERR_CONNECTION_REFUSED @ http://localhost:3000/vendors:0
[ 1931018ms] [ERROR] Failed to refresh wedding data TypeError: Failed to fetch
    at fetchInternal (http://localhost:3000/_next/static/chunks/node_modules_next_dist_client_0_90u2t._.js:10831:12)
    at fetchServerAction (http://localhost:3000/_next/static/chunks/node_modules_next_dist_client_0_90u2t._.js:7042:38) @ http://localhost:3000/_next/static/chunks/node_modules_next_dist_1e8vcs8._.js:1052
[ 1931024ms] [ERROR] Failed to load resource: net::ERR_CONNECTION_REFUSED @ http://localhost:3000/vendors:0
[ 1931024ms] [ERROR] Failed to refresh wedding data TypeError: Failed to fetch
    at fetchInternal (http://localhost:3000/_next/static/chunks/node_modules_next_dist_client_0_90u2t._.js:10831:12)
    at fetchServerAction (http://localhost:3000/_next/static/chunks/node_modules_next_dist_client_0_90u2t._.js:7042:38) @ http://localhost:3000/_next/static/chunks/node_modules_next_dist_1e8vcs8._.js:1052
[ 1931028ms] [ERROR] WebSocket is already in CLOSING or CLOSED state. @ http://localhost:3000/_next/static/chunks/node_modules_next_dist_1e8vcs8._.js:1559
[ 1931033ms] [ERROR] Failed to load resource: net::ERR_CONNECTION_REFUSED @ http://localhost:3000/vendors:0
[ 1931033ms] [ERROR] Failed to refresh wedding data TypeError: Failed to fetch
    at fetchInternal (http://localhost:3000/_next/static/chunks/node_modules_next_dist_client_0_90u2t._.js:10831:12)
    at fetchServerAction (http://localhost:3000/_next/static/chunks/node_modules_next_dist_client_0_90u2t._.js:7042:38) @ http://localhost:3000/_next/static/chunks/node_modules_next_dist_1e8vcs8._.js:1052
[ 1931038ms] [ERROR] Failed to load resource: net::ERR_CONNECTION_REFUSED @ http://localhost:3000/vendors:0
[ 1931038ms] [ERROR] Failed to refresh wedding data TypeError: Failed to fetch
    at fetchInternal (http://localhost:3000/_next/static/chunks/node_modules_next_dist_client_0_90u2t._.js:10831:12)
    at fetchServerAction (http://localhost:3000/_next/static/chunks/node_modules_next_dist_client_0_90u2t._.js:7042:38) @ http://localhost:3000/_next/static/chunks/node_modules_next_dist_1e8vcs8._.js:1052
[ 1931041ms] [ERROR] Failed to load resource: net::ERR_CONNECTION_REFUSED @ http://localhost:3000/vendors:0
[ 1931041ms] [ERROR] Failed to refresh wedding data TypeError: Failed to fetch
    at fetchInternal (http://localhost:3000/_next/static/chunks/node_modules_next_dist_client_0_90u2t._.js:10831:12)
    at fetchServerAction (http://localhost:3000/_next/static/chunks/node_modules_next_dist_client_0_90u2t._.js:7042:38) @ http://localhost:3000/_next/static/chunks/node_modules_next_dist_1e8vcs8._.js:1052
[ 1931045ms] [ERROR] WebSocket is already in CLOSING or CLOSED state. @ http://localhost:3000/_next/static/chunks/node_modules_next_dist_1e8vcs8._.js:1559
[ 1931047ms] [ERROR] Failed to load resource: net::ERR_CONNECTION_REFUSED @ http://localhost:3000/vendors:0
[ 1931047ms] [ERROR] Failed to refresh wedding data TypeError: Failed to fetch
    at fetchInternal (http://localhost:3000/_next/static/chunks/node_modules_next_dist_client_0_90u2t._.js:10831:12)
    at fetchServerAction (http://localhost:3000/_next/static/chunks/node_modules_next_dist_client_0_90u2t._.js:7042:38) @ http://localhost:3000/_next/static/chunks/node_modules_next_dist_1e8vcs8._.js:1052
[ 1931049ms] [ERROR] Failed to load resource: net::ERR_CONNECTION_REFUSED @ http://localhost:3000/vendors:0
[ 1931050ms] [ERROR] Failed to refresh wedding data TypeError: Failed to fetch
    at fetchInternal (http://localhost:3000/_next/static/chunks/node_modules_next_dist_client_0_90u2t._.js:10831:12)
    at fetchServerAction (http://localhost:3000/_next/static/chunks/node_modules_next_dist_client_0_90u2t._.js:7042:38) @ http://localhost:3000/_next/static/chunks/node_modules_next_dist_1e8vcs8._.js:1052
[ 1931052ms] [ERROR] Failed to load resource: net::ERR_CONNECTION_REFUSED @ http://localhost:3000/vendors:0
[ 1931053ms] [ERROR] Failed to refresh wedding data TypeError: Failed to fetch
    at fetchInternal (http://localhost:3000/_next/static/chunks/node_modules_next_dist_client_0_90u2t._.js:10831:12)
    at fetchServerAction (http://localhost:3000/_next/static/chunks/node_modules_next_dist_client_0_90u2t._.js:7042:38) @ http://localhost:3000/_next/static/chunks/node_modules_next_dist_1e8vcs8._.js:1052
[ 1931055ms] [ERROR] Failed to load resource: net::ERR_CONNECTION_REFUSED @ http://localhost:3000/vendors:0
[ 1931055ms] [ERROR] Failed to refresh wedding data TypeError: Failed to fetch
    at fetchInternal (http://localhost:3000/_next/static/chunks/node_modules_next_dist_client_0_90u2t._.js:10831:12)
    at fetchServerAction (http://localhost:3000/_next/static/chunks/node_modules_next_dist_client_0_90u2t._.js:7042:38) @ http://localhost:3000/_next/static/chunks/node_modules_next_dist_1e8vcs8._.js:1052
[ 1931058ms] [ERROR] Failed to load resource: net::ERR_CONNECTION_REFUSED @ http://localhost:3000/vendors:0
[ 1931058ms] [ERROR] Failed to refresh wedding data TypeError: Failed to fetch
    at fetchInternal (http://localhost:3000/_next/static/chunks/node_modules_next_dist_client_0_90u2t._.js:10831:12)
    at fetchServerAction (http://localhost:3000/_next/static/chunks/node_modules_next_dist_client_0_90u2t._.js:7042:38) @ http://localhost:3000/_next/static/chunks/node_modules_next_dist_1e8vcs8._.js:1052
[ 1931060ms] [ERROR] Failed to load resource: net::ERR_CONNECTION_REFUSED @ http://localhost:3000/vendors:0
[ 1931060ms] [ERROR] Failed to refresh wedding data TypeError: Failed to fetch
    at fetchInternal (http://localhost:3000/_next/static/chunks/node_modules_next_dist_client_0_90u2t._.js:10831:12)
    at fetchServerAction (http://localhost:3000/_next/static/chunks/node_modules_next_dist_client_0_90u2t._.js:7042:38) @ http://localhost:3000/_next/static/chunks/node_modules_next_dist_1e8vcs8._.js:1052
[ 1931063ms] [ERROR] WebSocket is already in CLOSING or CLOSED state. @ http://localhost:3000/_next/static/chunks/node_modules_next_dist_1e8vcs8._.js:1559
[ 1931066ms] [ERROR] Failed to load resource: net::ERR_CONNECTION_REFUSED @ http://localhost:3000/vendors:0
[ 1931066ms] [ERROR] Failed to refresh wedding data TypeError: Failed to fetch
    at fetchInternal (http://localhost:3000/_next/static/chunks/node_modules_next_dist_client_0_90u2t._.js:10831:12)
    at fetchServerAction (http://localhost:3000/_next/static/chunks/node_modules_next_dist_client_0_90u2t._.js:7042:38) @ http://localhost:3000/_next/static/chunks/node_modules_next_dist_1e8vcs8._.js:1052
[ 1931068ms] [ERROR] Failed to load resource: net::ERR_CONNECTION_REFUSED @ http://localhost:3000/vendors:0
[ 1931069ms] [ERROR] Failed to refresh wedding data TypeError: Failed to fetch
    at fetchInternal (http://localhost:3000/_next/static/chunks/node_modules_next_dist_client_0_90u2t._.js:10831:12)
    at fetchServerAction (http://localhost:3000/_next/static/chunks/node_modules_next_dist_client_0_90u2t._.js:7042:38) @ http://localhost:3000/_next/static/chunks/node_modules_next_dist_1e8vcs8._.js:1052
[ 1931071ms] [ERROR] Failed to load resource: net::ERR_CONNECTION_REFUSED @ http://localhost:3000/vendors:0
[ 1931071ms] [ERROR] Failed to refresh wedding data TypeError: Failed to fetch
    at fetchInternal (http://localhost:3000/_next/static/chunks/node_modules_next_dist_client_0_90u2t._.js:10831:12)
    at fetchServerAction (http://localhost:3000/_next/static/chunks/node_modules_next_dist_client_0_90u2t._.js:7042:38) @ http://localhost:3000/_next/static/chunks/node_modules_next_dist_1e8vcs8._.js:1052
[ 1931074ms] [ERROR] Failed to load resource: net::ERR_CONNECTION_REFUSED @ http://localhost:3000/vendors:0
[ 1931074ms] [ERROR] Failed to refresh wedding data TypeError: Failed to fetch
    at fetchInternal (http://localhost:3000/_next/static/chunks/node_modules_next_dist_client_0_90u2t._.js:10831:12)
    at fetchServerAction (http://localhost:3000/_next/static/chunks/node_modules_next_dist_client_0_90u2t._.js:7042:38) @ http://localhost:3000/_next/static/chunks/node_modules_next_dist_1e8vcs8._.js:1052
[ 1931078ms] [ERROR] WebSocket is already in CLOSING or CLOSED state. @ http://localhost:3000/_next/static/chunks/node_modules_next_dist_1e8vcs8._.js:1559
[ 1931542ms] [ERROR] WebSocket connection to 'ws://localhost:3000/_next/hmr?id=ccaQTD9K7Ul8ny7J_dezj' failed: Error in connection establishment: net::ERR_CONNECTION_REFUSED @ http://localhost:3000/_next/static/chunks/node_modules_next_dist_client_0_90u2t._.js:16348
[ 1932558ms] [ERROR] WebSocket connection to 'ws://localhost:3000/_next/hmr?id=ccaQTD9K7Ul8ny7J_dezj' failed: Error in connection establishment: net::ERR_CONNECTION_REFUSED @ http://localhost:3000/_next/static/chunks/node_modules_next_dist_client_0_90u2t._.js:16348
[ 1933570ms] [ERROR] WebSocket connection to 'ws://localhost:3000/_next/hmr?id=ccaQTD9K7Ul8ny7J_dezj' failed: Error in connection establishment: net::ERR_CONNECTION_REFUSED @ http://localhost:3000/_next/static/chunks/node_modules_next_dist_client_0_90u2t._.js:16348
[ 1934587ms] [ERROR] WebSocket connection to 'ws://localhost:3000/_next/hmr?id=ccaQTD9K7Ul8ny7J_dezj' failed: Error in connection establishment: net::ERR_CONNECTION_REFUSED @ http://localhost:3000/_next/static/chunks/node_modules_next_dist_client_0_90u2t._.js:16348
[ 1935598ms] [ERROR] WebSocket connection to 'ws://localhost:3000/_next/hmr?id=ccaQTD9K7Ul8ny7J_dezj' failed: Error in connection establishment: net::ERR_CONNECTION_REFUSED @ http://localhost:3000/_next/static/chunks/node_modules_next_dist_client_0_90u2t._.js:16348
[ 1940621ms] [ERROR] WebSocket connection to 'ws://localhost:3000/_next/hmr?id=ccaQTD9K7Ul8ny7J_dezj' failed: Error in connection establishment: net::ERR_CONNECTION_REFUSED @ http://localhost:3000/_next/static/chunks/node_modules_next_dist_client_0_90u2t._.js:16348
[ 1940873ms] [ERROR] Failed to load resource: net::ERR_CONNECTION_REFUSED @ http://localhost:3000/vendors:0
[ 1940873ms] [ERROR] Failed to refresh wedding data TypeError: Failed to fetch
    at fetchInternal (http://localhost:3000/_next/static/chunks/node_modules_next_dist_client_0_90u2t._.js:10831:12)
    at fetchServerAction (http://localhost:3000/_next/static/chunks/node_modules_next_dist_client_0_90u2t._.js:7042:38) @ http://localhost:3000/_next/static/chunks/node_modules_next_dist_1e8vcs8._.js:1052
[ 1940876ms] [ERROR] WebSocket is already in CLOSING or CLOSED state. @ http://localhost:3000/_next/static/chunks/node_modules_next_dist_1e8vcs8._.js:1559
[ 1945651ms] [ERROR] WebSocket connection to 'ws://localhost:3000/_next/hmr?id=ccaQTD9K7Ul8ny7J_dezj' failed: Error in connection establishment: net::ERR_CONNECTION_REFUSED @ http://localhost:3000/_next/static/chunks/node_modules_next_dist_client_0_90u2t._.js:16348
[ 1950685ms] [ERROR] WebSocket connection to 'ws://localhost:3000/_next/hmr?id=ccaQTD9K7Ul8ny7J_dezj' failed: Error in connection establishment: net::ERR_CONNECTION_REFUSED @ http://localhost:3000/_next/static/chunks/node_modules_next_dist_client_0_90u2t._.js:16348
[ 1955710ms] [ERROR] WebSocket connection to 'ws://localhost:3000/_next/hmr?id=ccaQTD9K7Ul8ny7J_dezj' failed: Error in connection establishment: net::ERR_CONNECTION_REFUSED @ http://localhost:3000/_next/static/chunks/node_modules_next_dist_client_0_90u2t._.js:16348
[ 1960765ms] [ERROR] WebSocket connection to 'ws://localhost:3000/_next/hmr?id=ccaQTD9K7Ul8ny7J_dezj' failed: Error in connection establishment: net::ERR_CONNECTION_REFUSED @ http://localhost:3000/_next/static/chunks/node_modules_next_dist_client_0_90u2t._.js:16348
[ 1960881ms] [ERROR] Failed to load resource: net::ERR_CONNECTION_REFUSED @ http://localhost:3000/vendors:0
[ 1960881ms] [ERROR] Failed to refresh wedding data TypeError: Failed to fetch
    at fetchInternal (http://localhost:3000/_next/static/chunks/node_modules_next_dist_client_0_90u2t._.js:10831:12)
    at fetchServerAction (http://localhost:3000/_next/static/chunks/node_modules_next_dist_client_0_90u2t._.js:7042:38) @ http://localhost:3000/_next/static/chunks/node_modules_next_dist_1e8vcs8._.js:1052
[ 1960890ms] [ERROR] WebSocket is already in CLOSING or CLOSED state. @ http://localhost:3000/_next/static/chunks/node_modules_next_dist_1e8vcs8._.js:1559
[ 1965800ms] [ERROR] WebSocket connection to 'ws://localhost:3000/_next/hmr?id=ccaQTD9K7Ul8ny7J_dezj' failed: Error in connection establishment: net::ERR_CONNECTION_REFUSED @ http://localhost:3000/_next/static/chunks/node_modules_next_dist_client_0_90u2t._.js:16348
[ 1970873ms] [ERROR] WebSocket connection to 'ws://localhost:3000/_next/hmr?id=ccaQTD9K7Ul8ny7J_dezj' failed: Error in connection establishment: net::ERR_CONNECTION_REFUSED @ http://localhost:3000/_next/static/chunks/node_modules_next_dist_client_0_90u2t._.js:16348
